run=38032630230 sha=e14efb17c95b99aa13cb3e38392e2cae4e976f44 branch=ci-logs-linux-gcc

===== ci-errors.log（前 250 行）=====
(none)

===== 编译日志开头 400 行（首个错误在这里）=====
run=38032630230 sha=e14efb17c95b99aa13cb3e38392e2cae4e976f44 branch=ci-logs-linux-gcc

===== ci-install.log (tail 3000) =====
Detecting compiler hash for triplet x64-linux...
Compiler found: /usr/bin/c++
The following packages will be built and installed:
  * abseil:x64-linux@20260107.1#3
  * boost-algorithm:x64-linux@1.92.0
  * boost-align:x64-linux@1.92.0
  * boost-any:x64-linux@1.92.0
  * boost-array:x64-linux@1.92.0
    boost-asio[core,deadline-timer,spawn]:x64-linux@1.92.0
  * boost-assert:x64-linux@1.92.0
  * boost-atomic:x64-linux@1.92.0
    boost-beast:x64-linux@1.92.0
  * boost-bimap:x64-linux@1.92.0
  * boost-bind:x64-linux@1.92.0
  * boost-chrono:x64-linux@1.92.0
  * boost-cmake:x64-linux@1.92.0
  * boost-compat:x64-linux@1.92.0
  * boost-concept-check:x64-linux@1.92.0
  * boost-config:x64-linux@1.92.0
  * boost-container:x64-linux@1.92.0
  * boost-container-hash:x64-linux@1.92.0
  * boost-context:x64-linux@1.92.0
  * boost-conversion:x64-linux@1.92.0
  * boost-core:x64-linux@1.92.0
  * boost-crc:x64-linux@1.92.0
    boost-date-time:x64-linux@1.92.0
  * boost-describe:x64-linux@1.92.0
  * boost-detail:x64-linux@1.92.0
  * boost-dynamic-bitset:x64-linux@1.92.0
  * boost-endian:x64-linux@1.92.0
  * boost-exception:x64-linux@1.92.0
    boost-filesystem:x64-linux@1.92.0
  * boost-foreach:x64-linux@1.92.0
  * boost-function:x64-linux@1.92.0
  * boost-function-types:x64-linux@1.92.0
  * boost-functional:x64-linux@1.92.0
  * boost-fusion:x64-linux@1.92.0
  * boost-geometry:x64-linux@1.92.0
  * boost-graph:x64-linux@1.92.0
  * boost-headers:x64-linux@1.92.0
  * boost-integer:x64-linux@1.92.0
  * boost-intrusive:x64-linux@1.92.0
  * boost-io:x64-linux@1.92.0
  * boost-iterator:x64-linux@1.92.0
  * boost-lambda:x64-linux@1.92.0
  * boost-lexical-cast:x64-linux@1.92.0
  * boost-logic:x64-linux@1.92.0
  * boost-math:x64-linux@1.92.0
  * boost-move:x64-linux@1.92.0
  * boost-mp11:x64-linux@1.92.0
    boost-mpl:x64-linux@1.92.0
  * boost-multi-index:x64-linux@1.92.0
  * boost-multiprecision:x64-linux@1.92.0
  * boost-numeric-conversion:x64-linux@1.92.0
  * boost-optional:x64-linux@1.92.0
  * boost-parameter:x64-linux@1.92.0
  * boost-phoenix:x64-linux@1.92.0
  * boost-polygon:x64-linux@1.92.0
  * boost-pool:x64-linux@1.92.0
  * boost-predef:x64-linux@1.92.0
  * boost-preprocessor:x64-linux@1.92.0
  * boost-program-options:x64-linux@1.92.0
  * boost-property-map:x64-linux@1.92.0
    boost-property-tree:x64-linux@1.92.0
  * boost-proto:x64-linux@1.92.0
  * boost-qvm:x64-linux@1.92.0
  * boost-random:x64-linux@1.92.0
    boost-range:x64-linux@1.92.0
  * boost-ratio:x64-linux@1.92.0
  * boost-rational:x64-linux@1.92.0
  * boost-regex:x64-linux@1.92.0
  * boost-scope:x64-linux@1.92.0
  * boost-serialization:x64-linux@1.92.0
  * boost-smart-ptr:x64-linux@1.92.0
  * boost-spirit:x64-linux@1.92.0
  * boost-static-assert:x64-linux@1.92.0
  * boost-static-string:x64-linux@1.92.0
    boost-system:x64-linux@1.92.0
    boost-thread:x64-linux@1.92.0
  * boost-throw-exception:x64-linux@1.92.0
  * boost-tokenizer:x64-linux@1.92.0
  * boost-tti:x64-linux@1.92.0
  * boost-tuple:x64-linux@1.92.0
  * boost-type-index:x64-linux@1.92.0
  * boost-type-traits:x64-linux@1.92.0
  * boost-typeof:x64-linux@1.92.0
  * boost-uninstall:x64-linux@1.92.0
  * boost-unordered:x64-linux@1.92.0
  * boost-utility:x64-linux@1.92.0
    boost-uuid:x64-linux@1.92.0
  * boost-variant:x64-linux@1.92.0
  * boost-variant2:x64-linux@1.92.0
  * boost-winapi:x64-linux@1.92.0
  * boost-xpressive:x64-linux@1.92.0
  * c-ares:x64-linux@1.34.8
    grpc[codegen,core]:x64-linux@1.81.1
    hiredis:x64-linux@1.4.1
    libmysql:x64-linux@8.0.46
    libsamplerate:x64-linux@0.2.2#1
  * lz4:x64-linux@1.10.0
  * ncurses:x64-linux@6.5#3
    nlohmann-json:x64-linux@3.12.0#2
  * openssl:x64-linux@3.6.5#1
    protobuf[core,libprotoc]:x64-linux@6.33.4#2
  * rapidjson:x64-linux@2025-02-26#1
  * re2:x64-linux@2025-11-05
    redis-plus-plus:x64-linux@1.3.15
  * utf8-range:x64-linux@6.33.4
  * vcpkg-boost:x64-linux@2026-08-21
  * vcpkg-cmake:x64-linux@2025-08-07
  * vcpkg-cmake-config:x64-linux@2026-07-21
  * vcpkg-cmake-get-vars:x64-linux@2025-05-29
  * vcpkg-make:x64-linux@2026-07-09#1
  * zlib:x64-linux@1.3.2#2
  * zstd:x64-linux@1.5.7
Additional packages (*) will be modified to complete this operation.
Restored 112 package(s) from /home/runner/work/mptchat/mptchat/vcpkg-cache in 20 s. Use --debug to see more details.
Installing 1/112 vcpkg-cmake-config:x64-linux@2026-07-21...
vcpkg-cmake-config:x64-linux@2026-07-21 package ABI: 1fe2b3e89bf936d3ca4a1da67308e95d33ba8aaa6c691fd9d56c2e6237b19a8e
Elapsed time to handle vcpkg-cmake-config:x64-linux: 1.14 ms
Installing 2/112 vcpkg-cmake:x64-linux@2025-08-07...
vcpkg-cmake:x64-linux@2025-08-07 package ABI: 73813f8f6a46e99309077be37bc53ccb320a9ac1cb9848a543ef25143f3117ab
Elapsed time to handle vcpkg-cmake:x64-linux: 891 us
Installing 3/112 vcpkg-boost:x64-linux@2026-08-21...
vcpkg-boost:x64-linux@2026-08-21 package ABI: 037f3e5cb327b69c33f9c268cb6bef2b828dfa450aa74dd9abf329b81bce92e1
Elapsed time to handle vcpkg-boost:x64-linux: 914 us
Installing 4/112 boost-uninstall:x64-linux@1.92.0...
boost-uninstall:x64-linux@1.92.0 package ABI: af5a02d357cfe825bdec37137ea4ad21aa67e86e176479c888d8f624999bfe7d
Elapsed time to handle boost-uninstall:x64-linux: 891 us
Installing 5/112 boost-cmake:x64-linux@1.92.0...
boost-cmake:x64-linux@1.92.0 package ABI: 1a210b09a255038c21996b292d5efecc41c41d70607becabc527bbc356095e17
Elapsed time to handle boost-cmake:x64-linux: 1.1 ms
Installing 6/112 boost-headers:x64-linux@1.92.0...
boost-headers:x64-linux@1.92.0 package ABI: 391c77a6a77757f75fb4c8b802e7617ab6a15c763a9e7868ebb23bcf6aeeb5a2
Elapsed time to handle boost-headers:x64-linux: 1.15 ms
Installing 7/112 boost-config:x64-linux@1.92.0...
boost-config:x64-linux@1.92.0 package ABI: d1e655aa07f26d0f93c369bfef33a8104bfa34f0867b618a16ade463c7886874
Elapsed time to handle boost-config:x64-linux: 7.01 ms
Installing 8/112 boost-assert:x64-linux@1.92.0...
boost-assert:x64-linux@1.92.0 package ABI: df5dc1bba6257e8699dd7d107dbcaf5222bcef301dc8043b10266c83b8aba68b
Elapsed time to handle boost-assert:x64-linux: 1.45 ms
Installing 9/112 boost-throw-exception:x64-linux@1.92.0...
boost-throw-exception:x64-linux@1.92.0 package ABI: 67d4f65f9745987cdfd8ccd629ae15f0d205d5aafa2294a0baed3ec770d3970a
Elapsed time to handle boost-throw-exception:x64-linux: 1.29 ms
Installing 10/112 boost-core:x64-linux@1.92.0...
boost-core:x64-linux@1.92.0 package ABI: 8ae41be9e3f6c9e0d88f9638cd7b1d2b26ed35e4f6521722b1e1779e724a7b2e
Elapsed time to handle boost-core:x64-linux: 2.89 ms

...... [middle truncated] ......

run=38032630230 sha=e14efb17c95b99aa13cb3e38392e2cae4e976f44 branch=ci-logs-linux-gcc

===== ci-install.log (tail 3000) =====
Detecting compiler hash for triplet x64-linux...
Compiler found: /usr/bin/c++
The following packages will be built and installed:
  * abseil:x64-linux@20260107.1#3
  * boost-algorithm:x64-linux@1.92.0
  * boost-align:x64-linux@1.92.0
  * boost-any:x64-linux@1.92.0
  * boost-array:x64-linux@1.92.0
    boost-asio[core,deadline-timer,spawn]:x64-linux@1.92.0
  * boost-assert:x64-linux@1.92.0
  * boost-atomic:x64-linux@1.92.0
    boost-beast:x64-linux@1.92.0
  * boost-bimap:x64-linux@1.92.0
  * boost-bind:x64-linux@1.92.0
  * boost-chrono:x64-linux@1.92.0
  * boost-cmake:x64-linux@1.92.0
  * boost-compat:x64-linux@1.92.0
  * boost-concept-check:x64-linux@1.92.0
  * boost-config:x64-linux@1.92.0
  * boost-container:x64-linux@1.92.0
  * boost-container-hash:x64-linux@1.92.0
  * boost-context:x64-linux@1.92.0
  * boost-conversion:x64-linux@1.92.0
  * boost-core:x64-linux@1.92.0
  * boost-crc:x64-linux@1.92.0
    boost-date-time:x64-linux@1.92.0
  * boost-describe:x64-linux@1.92.0
  * boost-detail:x64-linux@1.92.0
  * boost-dynamic-bitset:x64-linux@1.92.0
  * boost-endian:x64-linux@1.92.0
  * boost-exception:x64-linux@1.92.0
    boost-filesystem:x64-linux@1.92.0
  * boost-foreach:x64-linux@1.92.0
  * boost-function:x64-linux@1.92.0
  * boost-function-types:x64-linux@1.92.0
  * boost-functional:x64-linux@1.92.0
  * boost-fusion:x64-linux@1.92.0
  * boost-geometry:x64-linux@1.92.0
  * boost-graph:x64-linux@1.92.0
  * boost-headers:x64-linux@1.92.0
  * boost-integer:x64-linux@1.92.0
  * boost-intrusive:x64-linux@1.92.0
  * boost-io:x64-linux@1.92.0
  * boost-iterator:x64-linux@1.92.0
  * boost-lambda:x64-linux@1.92.0
  * boost-lexical-cast:x64-linux@1.92.0
  * boost-logic:x64-linux@1.92.0
  * boost-math:x64-linux@1.92.0
  * boost-move:x64-linux@1.92.0
  * boost-mp11:x64-linux@1.92.0
    boost-mpl:x64-linux@1.92.0
  * boost-multi-index:x64-linux@1.92.0
  * boost-multiprecision:x64-linux@1.92.0
  * boost-numeric-conversion:x64-linux@1.92.0
  * boost-optional:x64-linux@1.92.0
  * boost-parameter:x64-linux@1.92.0
  * boost-phoenix:x64-linux@1.92.0
  * boost-polygon:x64-linux@1.92.0
  * boost-pool:x64-linux@1.92.0
  * boost-predef:x64-linux@1.92.0
  * boost-preprocessor:x64-linux@1.92.0
  * boost-program-options:x64-linux@1.92.0
  * boost-property-map:x64-linux@1.92.0
    boost-property-tree:x64-linux@1.92.0
  * boost-proto:x64-linux@1.92.0
  * boost-qvm:x64-linux@1.92.0
  * boost-random:x64-linux@1.92.0
    boost-range:x64-linux@1.92.0
  * boost-ratio:x64-linux@1.92.0
  * boost-rational:x64-linux@1.92.0
  * boost-regex:x64-linux@1.92.0
  * boost-scope:x64-linux@1.92.0
  * boost-serialization:x64-linux@1.92.0
  * boost-smart-ptr:x64-linux@1.92.0
  * boost-spirit:x64-linux@1.92.0
  * boost-static-assert:x64-linux@1.92.0
  * boost-static-string:x64-linux@1.92.0
    boost-system:x64-linux@1.92.0
    boost-thread:x64-linux@1.92.0
  * boost-throw-exception:x64-linux@1.92.0
  * boost-tokenizer:x64-linux@1.92.0
  * boost-tti:x64-linux@1.92.0
  * boost-tuple:x64-linux@1.92.0
  * boost-type-index:x64-linux@1.92.0
  * boost-type-traits:x64-linux@1.92.0
  * boost-typeof:x64-linux@1.92.0
  * boost-uninstall:x64-linux@1.92.0
  * boost-unordered:x64-linux@1.92.0
  * boost-utility:x64-linux@1.92.0
    boost-uuid:x64-linux@1.92.0
  * boost-variant:x64-linux@1.92.0
  * boost-variant2:x64-linux@1.92.0
  * boost-winapi:x64-linux@1.92.0
  * boost-xpressive:x64-linux@1.92.0
  * c-ares:x64-linux@1.34.8
    grpc[codegen,core]:x64-linux@1.81.1
    hiredis:x64-linux@1.4.1
    libmysql:x64-linux@8.0.46
    libsamplerate:x64-linux@0.2.2#1
  * lz4:x64-linux@1.10.0
  * ncurses:x64-linux@6.5#3
    nlohmann-json:x64-linux@3.12.0#2
  * openssl:x64-linux@3.6.5#1
    protobuf[core,libprotoc]:x64-linux@6.33.4#2
  * rapidjson:x64-linux@2025-02-26#1
  * re2:x64-linux@2025-11-05
    redis-plus-plus:x64-linux@1.3.15
  * utf8-range:x64-linux@6.33.4
  * vcpkg-boost:x64-linux@2026-08-21
  * vcpkg-cmake:x64-linux@2025-08-07
  * vcpkg-cmake-config:x64-linux@2026-07-21
  * vcpkg-cmake-get-vars:x64-linux@2025-05-29
  * vcpkg-make:x64-linux@2026-07-09#1
  * zlib:x64-linux@1.3.2#2
  * zstd:x64-linux@1.5.7
Additional packages (*) will be modified to complete this operation.
Restored 112 package(s) from /home/runner/work/mptchat/mptchat/vcpkg-cache in 20 s. Use --debug to see more details.
Installing 1/112 vcpkg-cmake-config:x64-linux@2026-07-21...
vcpkg-cmake-config:x64-linux@2026-07-21 package ABI: 1fe2b3e89bf936d3ca4a1da67308e95d33ba8aaa6c691fd9d56c2e6237b19a8e
Elapsed time to handle vcpkg-cmake-config:x64-linux: 1.14 ms
Installing 2/112 vcpkg-cmake:x64-linux@2025-08-07...
vcpkg-cmake:x64-linux@2025-08-07 package ABI: 73813f8f6a46e99309077be37bc53ccb320a9ac1cb9848a543ef25143f3117ab
Elapsed time to handle vcpkg-cmake:x64-linux: 891 us
Installing 3/112 vcpkg-boost:x64-linux@2026-08-21...
vcpkg-boost:x64-linux@2026-08-21 package ABI: 037f3e5cb327b69c33f9c268cb6bef2b828dfa450aa74dd9abf329b81bce92e1
Elapsed time to handle vcpkg-boost:x64-linux: 914 us
Installing 4/112 boost-uninstall:x64-linux@1.92.0...
boost-uninstall:x64-linux@1.92.0 package ABI: af5a02d357cfe825bdec37137ea4ad21aa67e86e176479c888d8f624999bfe7d
Elapsed time to handle boost-uninstall:x64-linux: 891 us
Installing 5/112 boost-cmake:x64-linux@1.92.0...
boost-cmake:x64-linux@1.92.0 package ABI: 1a210b09a255038c21996b292d5efecc41c41d70607becabc527bbc356095e17
Elapsed time to handle boost-cmake:x64-linux: 1.1 ms
Installing 6/112 boost-headers:x64-linux@1.92.0...
boost-headers:x64-linux@1.92.0 package ABI: 391c77a6a77757f75fb4c8b802e7617ab6a15c763a9e7868ebb23bcf6aeeb5a2
Elapsed time to handle boost-headers:x64-linux: 1.15 ms
Installing 7/112 boost-config:x64-linux@1.92.0...
boost-config:x64-linux@1.92.0 package ABI: d1e655aa07f26d0f93c369bfef33a8104bfa34f0867b618a16ade463c7886874
Elapsed time to handle boost-config:x64-linux: 7.01 ms
Installing 8/112 boost-assert:x64-linux@1.92.0...
boost-assert:x64-linux@1.92.0 package ABI: df5dc1bba6257e8699dd7d107dbcaf5222bcef301dc8043b10266c83b8aba68b
Elapsed time to handle boost-assert:x64-linux: 1.45 ms
Installing 9/112 boost-throw-exception:x64-linux@1.92.0...
boost-throw-exception:x64-linux@1.92.0 package ABI: 67d4f65f9745987cdfd8ccd629ae15f0d205d5aafa2294a0baed3ec770d3970a
Elapsed time to handle boost-throw-exception:x64-linux: 1.29 ms
Installing 10/112 boost-core:x64-linux@1.92.0...
boost-core:x64-linux@1.92.0 package ABI: 8ae41be9e3f6c9e0d88f9638cd7b1d2b26ed35e4f6521722b1e1779e724a7b2e
Elapsed time to handle boost-core:x64-linux: 2.89 ms
Installing 11/112 boost-smart-ptr:x64-linux@1.92.0...
boost-smart-ptr:x64-linux@1.92.0 package ABI: 4a2f1a02432dc5133801639589526e9b25159e322893d5456ac85bad25768f4c
Elapsed time to handle boost-smart-ptr:x64-linux: 2.59 ms
Installing 12/112 boost-predef:x64-linux@1.92.0...
boost-predef:x64-linux@1.92.0 package ABI: a21a1a289b66c30c66877d0b235bfa42c6c0bea2c457fb54e24b6763afe72b76
Elapsed time to handle boost-predef:x64-linux: 5.23 ms
Installing 13/112 boost-winapi:x64-linux@1.92.0...
boost-winapi:x64-linux@1.92.0 package ABI: 21e345c28b29b3d58197bdf20f92397272ffda52a6363bb7066816e8543f2143
Elapsed time to handle boost-winapi:x64-linux: 3.98 ms
Installing 14/112 boost-type-traits:x64-linux@1.92.0...
boost-type-traits:x64-linux@1.92.0 package ABI: 956eff0f0cc5699e108c8da3d6fa566412a632b2c9d51e9ac1a700e475333d89
Elapsed time to handle boost-type-traits:x64-linux: 6.09 ms
Installing 15/112 boost-integer:x64-linux@1.92.0...
boost-integer:x64-linux@1.92.0 package ABI: 2c2c20a45a34d4805983459e1588670a907b262c6815739c05ff357b0fbc7a51
Elapsed time to handle boost-integer:x64-linux: 1.87 ms
Installing 16/112 boost-pool:x64-linux@1.92.0...
boost-pool:x64-linux@1.92.0 package ABI: 8e5e0dde3182cff2636f17f025c4945b226c9fbee0ab3eda78d09ee919ae53be
Elapsed time to handle boost-pool:x64-linux: 1.79 ms
Installing 17/112 boost-mp11:x64-linux@1.92.0...
boost-mp11:x64-linux@1.92.0 package ABI: ad12e4f046d53b24b0ae5a4dfe008cf1242a1f2a46a792d7a76778e69aa2f040
Elapsed time to handle boost-mp11:x64-linux: 34.8 ms
Installing 18/112 boost-context:x64-linux@1.92.0...
boost-context:x64-linux@1.92.0 package ABI: 46f11f8edaefbf9a96f91bb45637bcd86a476397a103cf2c6a29f4298cb7cb84
Elapsed time to handle boost-context:x64-linux: 2.8 ms
Installing 19/112 boost-preprocessor:x64-linux@1.92.0...
boost-preprocessor:x64-linux@1.92.0 package ABI: 277c16d961a0c4bcc9d958804752a9f0c84a82a62aacdc858d4dc2a6eeeea5e2
Elapsed time to handle boost-preprocessor:x64-linux: 11.4 ms
Installing 20/112 boost-io:x64-linux@1.92.0...
boost-io:x64-linux@1.92.0 package ABI: 912a801f924004ba49df15d12299cd2428a88fe44c5288bc7122610c4bc34066
Elapsed time to handle boost-io:x64-linux: 2.25 ms
Installing 21/112 boost-utility:x64-linux@1.92.0...
boost-utility:x64-linux@1.92.0 package ABI: 07f4ea1590df92c0deb526fa4a6c12934954454b78ef40ff9f0b21947f14ef25
Elapsed time to handle boost-utility:x64-linux: 2.45 ms
Installing 22/112 boost-optional:x64-linux@1.92.0...
boost-optional:x64-linux@1.92.0 package ABI: f2a9c8ff181e96b4025a6346385cd26fc6edda562ccc24010dd18709c4148941
Elapsed time to handle boost-optional:x64-linux: 2.31 ms
Installing 23/112 boost-mpl:x64-linux@1.92.0...
boost-mpl:x64-linux@1.92.0 package ABI: 193950c775edbd01813a3564321c1767adaaa5226233c709c4bbcd2aa77d1f7a
Elapsed time to handle boost-mpl:x64-linux: 25.2 ms
Installing 24/112 boost-typeof:x64-linux@1.92.0...
boost-typeof:x64-linux@1.92.0 package ABI: 21fc0e003dcd677527e7370d03dfb417496808a2a98a8e66a83fbdcae83b7c99
Elapsed time to handle boost-typeof:x64-linux: 3.82 ms
Installing 25/112 boost-tuple:x64-linux@1.92.0...
boost-tuple:x64-linux@1.92.0 package ABI: a5072d18249ef194494ed68f53ba2a0a5aa7ffd850414a8ac7e86f2b629bbffe
Elapsed time to handle boost-tuple:x64-linux: 3.05 ms
Installing 26/112 boost-detail:x64-linux@1.92.0...
boost-detail:x64-linux@1.92.0 package ABI: dc8cf906e069d7d9ec21601f441115c542c28890b5645e39346c65fa7b98f05d
Elapsed time to handle boost-detail:x64-linux: 3.19 ms
Installing 27/112 boost-function-types:x64-linux@1.92.0...
boost-function-types:x64-linux@1.92.0 package ABI: 3f4f6cfdf267ca11ab18528edd6344946f55c421621aa246cee05f634d95e710
Elapsed time to handle boost-function-types:x64-linux: 4.57 ms
Installing 28/112 boost-describe:x64-linux@1.92.0...
boost-describe:x64-linux@1.92.0 package ABI: 23dca47dddc65cee92e93f6fa2bf23a6a1effd7456ee18ad5471f07f91659279
Elapsed time to handle boost-describe:x64-linux: 3.51 ms
Installing 29/112 boost-container-hash:x64-linux@1.92.0...
boost-container-hash:x64-linux@1.92.0 package ABI: 4db529a8a1058f44094c6cb2e20d16a2b2fccaec321746cf7aeafc111a87f04a
Elapsed time to handle boost-container-hash:x64-linux: 3.29 ms
Installing 30/112 boost-fusion:x64-linux@1.92.0...
boost-fusion:x64-linux@1.92.0 package ABI: cf4024f17735917261a1ebcfd41281e41b84735c7f50c98bb4bd90d7813a2200
Elapsed time to handle boost-fusion:x64-linux: 27.8 ms
Installing 31/112 boost-concept-check:x64-linux@1.92.0...
boost-concept-check:x64-linux@1.92.0 package ABI: 51a177541b2e208a55f8806e4374ededd24eed65d1917c82fe958593f4365ef0
Elapsed time to handle boost-concept-check:x64-linux: 4.34 ms
Installing 32/112 boost-iterator:x64-linux@1.92.0...
boost-iterator:x64-linux@1.92.0 package ABI: 0f8f339829816b59069eab1a929f4491fe01847e57cede9aff91d4afe4d29282
Elapsed time to handle boost-iterator:x64-linux: 4.62 ms
Installing 33/112 boost-tokenizer:x64-linux@1.92.0...
boost-tokenizer:x64-linux@1.92.0 package ABI: 1bbf697e26722ae17256af7f0e8debd41643b67c9b6e4acce95f1cb70d4cb92f
Elapsed time to handle boost-tokenizer:x64-linux: 3.84 ms
Installing 34/112 boost-static-assert:x64-linux@1.92.0...
boost-static-assert:x64-linux@1.92.0 package ABI: 8019c65dbfb7a07ddd70d575211211ed1e8686425235579e531c799c3641ceec
Elapsed time to handle boost-static-assert:x64-linux: 3.74 ms
Installing 35/112 boost-regex:x64-linux@1.92.0...
boost-regex:x64-linux@1.92.0 package ABI: 0c4c6c6a821fa15362d71025266f8a16e070a939591a18426cb997715efd5f51
Elapsed time to handle boost-regex:x64-linux: 5.76 ms
Installing 36/112 boost-conversion:x64-linux@1.92.0...
boost-conversion:x64-linux@1.92.0 package ABI: 7734e8f10a33121bdc091540c284ed1c8717e76b9df3966802ab6a1145616586
Elapsed time to handle boost-conversion:x64-linux: 3.96 ms
Installing 37/112 boost-array:x64-linux@1.92.0...
boost-array:x64-linux@1.92.0 package ABI: 6c3ffb0203a225ea837d3f20a2259fdee4d9447c97c0979f6d162e243ecd8cab
Elapsed time to handle boost-array:x64-linux: 3.73 ms
Installing 38/112 boost-range:x64-linux@1.92.0...
boost-range:x64-linux@1.92.0 package ABI: b7390253c0e475ac4cacac9a6aaa00404fea69cc99e02927323f972be905d944
Elapsed time to handle boost-range:x64-linux: 7.05 ms
Installing 39/112 boost-numeric-conversion:x64-linux@1.92.0...
boost-numeric-conversion:x64-linux@1.92.0 package ABI: 303619ba01af2da0e3fe0cc3a287515cee420dc4829aac741fe67a2d588573d2
Elapsed time to handle boost-numeric-conversion:x64-linux: 4.8 ms
Installing 40/112 boost-move:x64-linux@1.92.0...
boost-move:x64-linux@1.92.0 package ABI: c679bd0e0733738880a0f7ebbf995857d0fe7535f66c6d368faab86b3156cd13
Elapsed time to handle boost-move:x64-linux: 4.84 ms
Installing 41/112 boost-intrusive:x64-linux@1.92.0...
boost-intrusive:x64-linux@1.92.0 package ABI: 02b3a6d0857df6ab7e7791c21d98a68a90063bc299d8caa036a2945f072b6ee0
Elapsed time to handle boost-intrusive:x64-linux: 5.67 ms
Installing 42/112 boost-container:x64-linux@1.92.0...
boost-container:x64-linux@1.92.0 package ABI: ccea6a9753835befc991d5cb8267972df7c6770be03ea12a394de1c3e2e81dd5
Elapsed time to handle boost-container:x64-linux: 7.43 ms
Installing 43/112 boost-lexical-cast:x64-linux@1.92.0...
